[
  {
    "a": "a1"
  },
  {
    "b": [
      "b1",
      "b2"
    ]
  },
  {
    "c": {
      "c1": "c11"
    }
  }
]
