[
  {
    "a": "a1",
    "b": 3
  },
  {
    "a": "a2",
    "b": 2
  },
  {
    "a": "a3"
  }
]
